// Vitest Snapshot v1, https://vitest.dev/guide/snapshot.html

exports[`Maven Plugin E2E Smoke Tests > Snapshot Testing > should snapshot key Maven projects structure 1`] = `
[
  {
    "hasDependencies": false,
    "hasTargets": true,
    "key": "quarkus-parent",
    "name": "io.quarkus:quarkus-parent",
    "targetCount": 65,
    "type": "lib",
  },
  {
    "hasDependencies": true,
    "hasTargets": true,
    "key": "quarkus-core",
    "name": "io.quarkus:quarkus-core-deployment",
    "targetCount": 68,
    "type": "app",
  },
  {
    "hasDependencies": false,
    "hasTargets": true,
    "key": "arc-parent",
    "name": "io.quarkus.arc:arc-parent",
    "targetCount": 67,
    "type": "lib",
  },
  {
    "hasDependencies": true,
    "hasTargets": true,
    "key": "arc",
    "name": "io.quarkus:quarkus-hibernate-search-backend-elasticsearch-common-deployment",
    "targetCount": 67,
    "type": "app",
  },
]
`;

exports[`Maven Plugin E2E Smoke Tests > Snapshot Testing > should snapshot overall project statistics 1`] = `
{
  "hasDependencies": true,
  "hasNodes": true,
  "hasValidGraph": true,
  "projectsWithDependencies": 1273,
  "projectsWithTargets": 1302,
  "totalProjects": 1302,
}
`;

exports[`Maven Plugin E2E Smoke Tests > Snapshot Testing > should snapshot quarkus-core project configuration 1`] = `
{
  "data": {
    "implicitDependencies": [],
    "metadata": {
      "artifactId": "quarkus-core",
      "groupId": "io.quarkus",
      "packaging": "jar",
      "targetGroups": {},
      "version": "999-SNAPSHOT",
    },
    "name": "io.quarkus:quarkus-core",
    "projectType": "application",
    "root": "core/runtime",
    "tags": [],
    "targets": {
      "build-helper:add-source": {
        "configurations": {},
        "dependsOn": [],
        "executor": "@nx-quarkus/maven-plugin:maven-batch",
        "inputs": [],
        "metadata": {
          "technologies": [
            "maven",
          ],
          "type": "Run build-helper:add-source plugin goal",
        },
        "options": {
          "goals": [
            "build-helper:add-source",
          ],
        },
        "outputs": [],
        "parallelism": true,
      },
      "build-helper:add-test-source": {
        "configurations": {},
        "dependsOn": [],
        "executor": "@nx-quarkus/maven-plugin:maven-batch",
        "inputs": [],
        "metadata": {
          "technologies": [
            "maven",
          ],
          "type": "Run build-helper:add-test-source plugin goal",
        },
        "options": {
          "goals": [
            "build-helper:add-test-source",
          ],
        },
        "outputs": [],
        "parallelism": true,
      },
      "buildnumber:create@get-scm-revision": {
        "configurations": {},
        "dependsOn": [],
        "executor": "@nx-quarkus/maven-plugin:maven-batch",
        "inputs": [],
        "metadata": {
          "technologies": [
            "maven",
          ],
          "type": "Run buildnumber:create plugin goal",
        },
        "options": {
          "goals": [
            "buildnumber:create",
          ],
        },
        "outputs": [],
        "parallelism": true,
      },
      "clean": {
        "configurations": {},
        "dependsOn": [
          "pre-clean",
        ],
        "executor": "@nx-quarkus/maven-plugin:maven-batch",
        "inputs": [],
        "metadata": {
          "description": "Run Maven clean lifecycle phase",
          "technologies": [
            "maven",
          ],
        },
        "options": {
          "goals": [
            "clean",
          ],
        },
        "outputs": [],
        "parallelism": true,
      },
      "compile": {
        "configurations": {},
        "dependsOn": [
          "process-resources",
        ],
        "executor": "@nx-quarkus/maven-plugin:maven-batch",
        "inputs": [],
        "metadata": {
          "description": "Run Maven compile lifecycle phase",
          "technologies": [
            "maven",
          ],
        },
        "options": {
          "goals": [
            "compile",
          ],
        },
        "outputs": [],
        "parallelism": true,
      },
      "deploy": {
        "configurations": {},
        "dependsOn": [
          "install",
        ],
        "executor": "@nx-quarkus/maven-plugin:maven-batch",
        "inputs": [],
        "metadata": {
          "description": "Run Maven deploy lifecycle phase",
          "technologies": [
            "maven",
          ],
        },
        "options": {
          "goals": [
            "deploy",
          ],
        },
        "outputs": [],
        "parallelism": true,
      },
      "forbiddenapis:check@verify-forbidden-apis": {
        "configurations": {},
        "dependsOn": [],
        "executor": "@nx-quarkus/maven-plugin:maven-batch",
        "inputs": [],
        "metadata": {
          "technologies": [
            "maven",
          ],
          "type": "Run forbiddenapis:check plugin goal",
        },
        "options": {
          "goals": [
            "forbiddenapis:check",
          ],
        },
        "outputs": [],
        "parallelism": true,
      },
      "formatter:format@default": {
        "configurations": {},
        "dependsOn": [],
        "executor": "@nx-quarkus/maven-plugin:maven-batch",
        "inputs": [],
        "metadata": {
          "technologies": [
            "maven",
          ],
          "type": "Run formatter:format plugin goal",
        },
        "options": {
          "goals": [
            "formatter:format",
          ],
        },
        "outputs": [],
        "parallelism": true,
      },
      "generate-resources": {
        "configurations": {},
        "dependsOn": [
          "process-sources",
        ],
        "executor": "@nx-quarkus/maven-plugin:maven-batch",
        "inputs": [],
        "metadata": {
          "description": "Run Maven generate-resources lifecycle phase",
          "technologies": [
            "maven",
          ],
        },
        "options": {
          "goals": [
            "generate-resources",
          ],
        },
        "outputs": [],
        "parallelism": true,
      },
      "generate-sources": {
        "configurations": {},
        "dependsOn": [
          "initialize",
        ],
        "executor": "@nx-quarkus/maven-plugin:maven-batch",
        "inputs": [],
        "metadata": {
          "description": "Run Maven generate-sources lifecycle phase",
          "technologies": [
            "maven",
          ],
        },
        "options": {
          "goals": [
            "generate-sources",
          ],
        },
        "outputs": [],
        "parallelism": true,
      },
      "generate-test-resources": {
        "configurations": {},
        "dependsOn": [
          "process-test-sources",
        ],
        "executor": "@nx-quarkus/maven-plugin:maven-batch",
        "inputs": [],
        "metadata": {
          "description": "Run Maven generate-test-resources lifecycle phase",
          "technologies": [
            "maven",
          ],
        },
        "options": {
          "goals": [
            "generate-test-resources",
          ],
        },
        "outputs": [],
        "parallelism": true,
      },
      "generate-test-sources": {
        "configurations": {},
        "dependsOn": [
          "process-classes",
        ],
        "executor": "@nx-quarkus/maven-plugin:maven-batch",
        "inputs": [],
        "metadata": {
          "description": "Run Maven generate-test-sources lifecycle phase",
          "technologies": [
            "maven",
          ],
        },
        "options": {
          "goals": [
            "generate-test-sources",
          ],
        },
        "outputs": [],
        "parallelism": true,
      },
      "impsort:sort@sort-imports": {
        "configurations": {},
        "dependsOn": [],
        "executor": "@nx-quarkus/maven-plugin:maven-batch",
        "inputs": [],
        "metadata": {
          "technologies": [
            "maven",
          ],
          "type": "Run impsort:sort plugin goal",
        },
        "options": {
          "goals": [
            "impsort:sort",
          ],
        },
        "outputs": [],
        "parallelism": true,
      },
      "initialize": {
        "configurations": {},
        "dependsOn": [
          "validate",
        ],
        "executor": "@nx-quarkus/maven-plugin:maven-batch",
        "inputs": [],
        "metadata": {
          "description": "Run Maven initialize lifecycle phase",
          "technologies": [
            "maven",
          ],
        },
        "options": {
          "goals": [
            "initialize",
          ],
        },
        "outputs": [],
        "parallelism": true,
      },
      "install": {
        "configurations": {},
        "dependsOn": [
          "verify",
        ],
        "executor": "@nx-quarkus/maven-plugin:maven-batch",
        "inputs": [],
        "metadata": {
          "description": "Run Maven install lifecycle phase",
          "technologies": [
            "maven",
          ],
        },
        "options": {
          "goals": [
            "install",
          ],
        },
        "outputs": [],
        "parallelism": true,
      },
      "integration-test": {
        "configurations": {},
        "dependsOn": [
          "pre-integration-test",
        ],
        "executor": "@nx-quarkus/maven-plugin:maven-batch",
        "inputs": [],
        "metadata": {
          "description": "Run Maven integration-test lifecycle phase",
          "technologies": [
            "maven",
          ],
        },
        "options": {
          "goals": [
            "integration-test",
          ],
        },
        "outputs": [],
        "parallelism": true,
      },
      "maven-clean:clean": {
        "configurations": {},
        "dependsOn": [],
        "executor": "@nx-quarkus/maven-plugin:maven-batch",
        "inputs": [],
        "metadata": {
          "technologies": [
            "maven",
          ],
          "type": "Run maven-clean:clean plugin goal",
        },
        "options": {
          "goals": [
            "clean:clean",
          ],
        },
        "outputs": [],
        "parallelism": true,
      },
      "maven-clean:clean@default-clean": {
        "configurations": {},
        "dependsOn": [],
        "executor": "@nx-quarkus/maven-plugin:maven-batch",
        "inputs": [],
        "metadata": {
          "technologies": [
            "maven",
          ],
          "type": "Run maven-clean:clean@default-clean plugin goal",
        },
        "options": {
          "goals": [
            "clean",
          ],
        },
        "outputs": [],
        "parallelism": true,
      },
      "maven-compiler:compile": {
        "configurations": {},
        "dependsOn": [],
        "executor": "@nx-quarkus/maven-plugin:maven-batch",
        "inputs": [],
        "metadata": {
          "technologies": [
            "maven",
          ],
          "type": "Run maven-compiler:compile plugin goal",
        },
        "options": {
          "goals": [
            "compiler:compile",
          ],
        },
        "outputs": [],
        "parallelism": true,
      },
      "maven-compiler:compile@default-compile": {
        "configurations": {},
        "dependsOn": [],
        "executor": "@nx-quarkus/maven-plugin:maven-batch",
        "inputs": [],
        "metadata": {
          "technologies": [
            "maven",
          ],
          "type": "Run maven-compiler:compile@default-compile plugin goal",
        },
        "options": {
          "goals": [
            "compile",
          ],
        },
        "outputs": [],
        "parallelism": true,
      },
      "maven-compiler:testCompile": {
        "configurations": {},
        "dependsOn": [],
        "executor": "@nx-quarkus/maven-plugin:maven-batch",
        "inputs": [],
        "metadata": {
          "technologies": [
            "maven",
          ],
          "type": "Run maven-compiler:testCompile plugin goal",
        },
        "options": {
          "goals": [
            "compiler:testCompile",
          ],
        },
        "outputs": [],
        "parallelism": true,
      },
      "maven-compiler:testCompile@default-testCompile": {
        "configurations": {},
        "dependsOn": [],
        "executor": "@nx-quarkus/maven-plugin:maven-batch",
        "inputs": [],
        "metadata": {
          "technologies": [
            "maven",
          ],
          "type": "Run maven-compiler:testCompile@default-testCompile plugin goal",
        },
        "options": {
          "goals": [
            "test-compile",
          ],
        },
        "outputs": [],
        "parallelism": true,
      },
      "maven-dependency:analyze": {
        "configurations": {},
        "dependsOn": [],
        "executor": "@nx-quarkus/maven-plugin:maven-batch",
        "inputs": [],
        "metadata": {
          "technologies": [
            "maven",
          ],
          "type": "Run maven-dependency:analyze plugin goal",
        },
        "options": {
          "goals": [
            "dependency:analyze",
          ],
        },
        "outputs": [],
        "parallelism": true,
      },
      "maven-dependency:copy-dependencies": {
        "configurations": {},
        "dependsOn": [],
        "executor": "@nx-quarkus/maven-plugin:maven-batch",
        "inputs": [],
        "metadata": {
          "technologies": [
            "maven",
          ],
          "type": "Run maven-dependency:copy-dependencies plugin goal",
        },
        "options": {
          "goals": [
            "dependency:copy-dependencies",
          ],
        },
        "outputs": [],
        "parallelism": true,
      },
      "maven-deploy:deploy": {
        "configurations": {},
        "dependsOn": [],
        "executor": "@nx-quarkus/maven-plugin:maven-batch",
        "inputs": [],
        "metadata": {
          "technologies": [
            "maven",
          ],
          "type": "Run maven-deploy:deploy plugin goal",
        },
        "options": {
          "goals": [
            "deploy:deploy",
          ],
        },
        "outputs": [],
        "parallelism": true,
      },
      "maven-deploy:deploy@default-deploy": {
        "configurations": {},
        "dependsOn": [],
        "executor": "@nx-quarkus/maven-plugin:maven-batch",
        "inputs": [],
        "metadata": {
          "technologies": [
            "maven",
          ],
          "type": "Run maven-deploy:deploy@default-deploy plugin goal",
        },
        "options": {
          "goals": [
            "deploy",
          ],
        },
        "outputs": [],
        "parallelism": true,
      },
      "maven-enforcer:enforce": {
        "configurations": {},
        "dependsOn": [],
        "executor": "@nx-quarkus/maven-plugin:maven-batch",
        "inputs": [],
        "metadata": {
          "technologies": [
            "maven",
          ],
          "type": "Run maven-enforcer:enforce plugin goal",
        },
        "options": {
          "goals": [
            "enforcer:enforce",
          ],
        },
        "outputs": [],
        "parallelism": true,
      },
      "maven-enforcer:enforce@enforce": {
        "configurations": {},
        "dependsOn": [],
        "executor": "@nx-quarkus/maven-plugin:maven-batch",
        "inputs": [],
        "metadata": {
          "technologies": [
            "maven",
          ],
          "type": "Run maven-enforcer:enforce@enforce plugin goal",
        },
        "options": {
          "goals": [
            "enforcer:enforce",
          ],
        },
        "outputs": [],
        "parallelism": true,
      },
      "maven-failsafe:integration-test": {
        "configurations": {},
        "dependsOn": [],
        "executor": "@nx-quarkus/maven-plugin:maven-batch",
        "inputs": [],
        "metadata": {
          "technologies": [
            "maven",
          ],
          "type": "Run maven-failsafe:integration-test plugin goal",
        },
        "options": {
          "goals": [
            "failsafe:integration-test",
          ],
        },
        "outputs": [],
        "parallelism": true,
      },
      "maven-failsafe:verify": {
        "configurations": {},
        "dependsOn": [],
        "executor": "@nx-quarkus/maven-plugin:maven-batch",
        "inputs": [],
        "metadata": {
          "technologies": [
            "maven",
          ],
          "type": "Run maven-failsafe:verify plugin goal",
        },
        "options": {
          "goals": [
            "failsafe:verify",
          ],
        },
        "outputs": [],
        "parallelism": true,
      },
      "maven-install:install": {
        "configurations": {},
        "dependsOn": [],
        "executor": "@nx-quarkus/maven-plugin:maven-batch",
        "inputs": [],
        "metadata": {
          "technologies": [
            "maven",
          ],
          "type": "Run maven-install:install plugin goal",
        },
        "options": {
          "goals": [
            "install:install",
          ],
        },
        "outputs": [],
        "parallelism": true,
      },
      "maven-install:install@default-install": {
        "configurations": {},
        "dependsOn": [],
        "executor": "@nx-quarkus/maven-plugin:maven-batch",
        "inputs": [],
        "metadata": {
          "technologies": [
            "maven",
          ],
          "type": "Run maven-install:install@default-install plugin goal",
        },
        "options": {
          "goals": [
            "install",
          ],
        },
        "outputs": [],
        "parallelism": true,
      },
      "maven-jar:jar": {
        "configurations": {},
        "dependsOn": [],
        "executor": "@nx-quarkus/maven-plugin:maven-batch",
        "inputs": [],
        "metadata": {
          "technologies": [
            "maven",
          ],
          "type": "Run maven-jar:jar plugin goal",
        },
        "options": {
          "goals": [
            "jar:jar",
          ],
        },
        "outputs": [],
        "parallelism": true,
      },
      "maven-jar:jar@default-jar": {
        "configurations": {},
        "dependsOn": [],
        "executor": "@nx-quarkus/maven-plugin:maven-batch",
        "inputs": [],
        "metadata": {
          "technologies": [
            "maven",
          ],
          "type": "Run maven-jar:jar@default-jar plugin goal",
        },
        "options": {
          "goals": [
            "package",
          ],
        },
        "outputs": [],
        "parallelism": true,
      },
      "maven-javadoc:jar": {
        "configurations": {},
        "dependsOn": [],
        "executor": "@nx-quarkus/maven-plugin:maven-batch",
        "inputs": [],
        "metadata": {
          "technologies": [
            "maven",
          ],
          "type": "Run maven-javadoc:jar plugin goal",
        },
        "options": {
          "goals": [
            "javadoc:jar",
          ],
        },
        "outputs": [],
        "parallelism": true,
      },
      "maven-javadoc:jar@attach-javadocs": {
        "configurations": {},
        "dependsOn": [],
        "executor": "@nx-quarkus/maven-plugin:maven-batch",
        "inputs": [],
        "metadata": {
          "technologies": [
            "maven",
          ],
          "type": "Run maven-javadoc:jar@attach-javadocs plugin goal",
        },
        "options": {
          "goals": [
            "javadoc:jar",
          ],
        },
        "outputs": [],
        "parallelism": true,
      },
      "maven-resources:resources": {
        "configurations": {},
        "dependsOn": [],
        "executor": "@nx-quarkus/maven-plugin:maven-batch",
        "inputs": [],
        "metadata": {
          "technologies": [
            "maven",
          ],
          "type": "Run maven-resources:resources plugin goal",
        },
        "options": {
          "goals": [
            "resources:resources",
          ],
        },
        "outputs": [],
        "parallelism": true,
      },
      "maven-resources:resources@default-resources": {
        "configurations": {},
        "dependsOn": [],
        "executor": "@nx-quarkus/maven-plugin:maven-batch",
        "inputs": [],
        "metadata": {
          "technologies": [
            "maven",
          ],
          "type": "Run maven-resources:resources@default-resources plugin goal",
        },
        "options": {
          "goals": [
            "process-resources",
          ],
        },
        "outputs": [],
        "parallelism": true,
      },
      "maven-resources:testResources": {
        "configurations": {},
        "dependsOn": [],
        "executor": "@nx-quarkus/maven-plugin:maven-batch",
        "inputs": [],
        "metadata": {
          "technologies": [
            "maven",
          ],
          "type": "Run maven-resources:testResources plugin goal",
        },
        "options": {
          "goals": [
            "resources:testResources",
          ],
        },
        "outputs": [],
        "parallelism": true,
      },
      "maven-resources:testResources@default-testResources": {
        "configurations": {},
        "dependsOn": [],
        "executor": "@nx-quarkus/maven-plugin:maven-batch",
        "inputs": [],
        "metadata": {
          "technologies": [
            "maven",
          ],
          "type": "Run maven-resources:testResources@default-testResources plugin goal",
        },
        "options": {
          "goals": [
            "process-test-resources",
          ],
        },
        "outputs": [],
        "parallelism": true,
      },
      "maven-site:deploy@default-deploy": {
        "configurations": {},
        "dependsOn": [],
        "executor": "@nx-quarkus/maven-plugin:maven-batch",
        "inputs": [],
        "metadata": {
          "technologies": [
            "maven",
          ],
          "type": "Run maven-site:deploy@default-deploy plugin goal",
        },
        "options": {
          "goals": [
            "site-deploy",
          ],
        },
        "outputs": [],
        "parallelism": true,
      },
      "maven-site:site": {
        "configurations": {},
        "dependsOn": [],
        "executor": "@nx-quarkus/maven-plugin:maven-batch",
        "inputs": [],
        "metadata": {
          "technologies": [
            "maven",
          ],
          "type": "Run maven-site:site plugin goal",
        },
        "options": {
          "goals": [
            "site:site",
          ],
        },
        "outputs": [],
        "parallelism": true,
      },
      "maven-site:site@default-site": {
        "configurations": {},
        "dependsOn": [],
        "executor": "@nx-quarkus/maven-plugin:maven-batch",
        "inputs": [],
        "metadata": {
          "technologies": [
            "maven",
          ],
          "type": "Run maven-site:site@default-site plugin goal",
        },
        "options": {
          "goals": [
            "site",
          ],
        },
        "outputs": [],
        "parallelism": true,
      },
      "maven-source:jar": {
        "configurations": {},
        "dependsOn": [],
        "executor": "@nx-quarkus/maven-plugin:maven-batch",
        "inputs": [],
        "metadata": {
          "technologies": [
            "maven",
          ],
          "type": "Run maven-source:jar plugin goal",
        },
        "options": {
          "goals": [
            "source:jar",
          ],
        },
        "outputs": [],
        "parallelism": true,
      },
      "maven-source:jar-no-fork": {
        "configurations": {},
        "dependsOn": [],
        "executor": "@nx-quarkus/maven-plugin:maven-batch",
        "inputs": [],
        "metadata": {
          "technologies": [
            "maven",
          ],
          "type": "Run maven-source:jar-no-fork plugin goal",
        },
        "options": {
          "goals": [
            "source:jar-no-fork",
          ],
        },
        "outputs": [],
        "parallelism": true,
      },
      "maven-source:jar-no-fork@attach-sources": {
        "configurations": {},
        "dependsOn": [],
        "executor": "@nx-quarkus/maven-plugin:maven-batch",
        "inputs": [],
        "metadata": {
          "technologies": [
            "maven",
          ],
          "type": "Run maven-source:jar-no-fork@attach-sources plugin goal",
        },
        "options": {
          "goals": [
            "source:jar-no-fork",
          ],
        },
        "outputs": [],
        "parallelism": true,
      },
      "maven-surefire:test": {
        "configurations": {},
        "dependsOn": [],
        "executor": "@nx-quarkus/maven-plugin:maven-batch",
        "inputs": [],
        "metadata": {
          "technologies": [
            "maven",
          ],
          "type": "Run maven-surefire:test plugin goal",
        },
        "options": {
          "goals": [
            "surefire:test",
          ],
        },
        "outputs": [],
        "parallelism": true,
      },
      "maven-surefire:test@default-test": {
        "configurations": {},
        "dependsOn": [],
        "executor": "@nx-quarkus/maven-plugin:maven-batch",
        "inputs": [],
        "metadata": {
          "technologies": [
            "maven",
          ],
          "type": "Run maven-surefire:test@default-test plugin goal",
        },
        "options": {
          "goals": [
            "test",
          ],
        },
        "outputs": [],
        "parallelism": true,
      },
      "package": {
        "configurations": {},
        "dependsOn": [
          "prepare-package",
        ],
        "executor": "@nx-quarkus/maven-plugin:maven-batch",
        "inputs": [],
        "metadata": {
          "description": "Run Maven package lifecycle phase",
          "technologies": [
            "maven",
          ],
        },
        "options": {
          "goals": [
            "package",
          ],
        },
        "outputs": [],
        "parallelism": true,
      },
      "post-clean": {
        "configurations": {},
        "dependsOn": [
          "clean",
        ],
        "executor": "@nx-quarkus/maven-plugin:maven-batch",
        "inputs": [],
        "metadata": {
          "description": "Run Maven post-clean lifecycle phase",
          "technologies": [
            "maven",
          ],
        },
        "options": {
          "goals": [
            "post-clean",
          ],
        },
        "outputs": [],
        "parallelism": true,
      },
      "post-integration-test": {
        "configurations": {},
        "dependsOn": [
          "integration-test",
        ],
        "executor": "@nx-quarkus/maven-plugin:maven-batch",
        "inputs": [],
        "metadata": {
          "description": "Run Maven post-integration-test lifecycle phase",
          "technologies": [
            "maven",
          ],
        },
        "options": {
          "goals": [
            "post-integration-test",
          ],
        },
        "outputs": [],
        "parallelism": true,
      },
      "post-site": {
        "configurations": {},
        "dependsOn": [
          "site",
        ],
        "executor": "@nx-quarkus/maven-plugin:maven-batch",
        "inputs": [],
        "metadata": {
          "description": "Run Maven post-site lifecycle phase",
          "technologies": [
            "maven",
          ],
        },
        "options": {
          "goals": [
            "post-site",
          ],
        },
        "outputs": [],
        "parallelism": true,
      },
      "pre-clean": {
        "configurations": {},
        "dependsOn": [],
        "executor": "@nx-quarkus/maven-plugin:maven-batch",
        "inputs": [],
        "metadata": {
          "description": "Run Maven pre-clean lifecycle phase",
          "technologies": [
            "maven",
          ],
        },
        "options": {
          "goals": [
            "pre-clean",
          ],
        },
        "outputs": [],
        "parallelism": true,
      },
      "pre-integration-test": {
        "configurations": {},
        "dependsOn": [
          "package",
        ],
        "executor": "@nx-quarkus/maven-plugin:maven-batch",
        "inputs": [],
        "metadata": {
          "description": "Run Maven pre-integration-test lifecycle phase",
          "technologies": [
            "maven",
          ],
        },
        "options": {
          "goals": [
            "pre-integration-test",
          ],
        },
        "outputs": [],
        "parallelism": true,
      },
      "pre-site": {
        "configurations": {},
        "dependsOn": [],
        "executor": "@nx-quarkus/maven-plugin:maven-batch",
        "inputs": [],
        "metadata": {
          "description": "Run Maven pre-site lifecycle phase",
          "technologies": [
            "maven",
          ],
        },
        "options": {
          "goals": [
            "pre-site",
          ],
        },
        "outputs": [],
        "parallelism": true,
      },
      "prepare-package": {
        "configurations": {},
        "dependsOn": [
          "test",
        ],
        "executor": "@nx-quarkus/maven-plugin:maven-batch",
        "inputs": [],
        "metadata": {
          "description": "Run Maven prepare-package lifecycle phase",
          "technologies": [
            "maven",
          ],
        },
        "options": {
          "goals": [
            "prepare-package",
          ],
        },
        "outputs": [],
        "parallelism": true,
      },
      "process-classes": {
        "configurations": {},
        "dependsOn": [
          "compile",
        ],
        "executor": "@nx-quarkus/maven-plugin:maven-batch",
        "inputs": [],
        "metadata": {
          "description": "Run Maven process-classes lifecycle phase",
          "technologies": [
            "maven",
          ],
        },
        "options": {
          "goals": [
            "process-classes",
          ],
        },
        "outputs": [],
        "parallelism": true,
      },
      "process-resources": {
        "configurations": {},
        "dependsOn": [
          "generate-resources",
        ],
        "executor": "@nx-quarkus/maven-plugin:maven-batch",
        "inputs": [],
        "metadata": {
          "description": "Run Maven process-resources lifecycle phase",
          "technologies": [
            "maven",
          ],
        },
        "options": {
          "goals": [
            "process-resources",
          ],
        },
        "outputs": [],
        "parallelism": true,
      },
      "process-sources": {
        "configurations": {},
        "dependsOn": [
          "generate-sources",
        ],
        "executor": "@nx-quarkus/maven-plugin:maven-batch",
        "inputs": [],
        "metadata": {
          "description": "Run Maven process-sources lifecycle phase",
          "technologies": [
            "maven",
          ],
        },
        "options": {
          "goals": [
            "process-sources",
          ],
        },
        "outputs": [],
        "parallelism": true,
      },
      "process-test-classes": {
        "configurations": {},
        "dependsOn": [
          "test-compile",
        ],
        "executor": "@nx-quarkus/maven-plugin:maven-batch",
        "inputs": [],
        "metadata": {
          "description": "Run Maven process-test-classes lifecycle phase",
          "technologies": [
            "maven",
          ],
        },
        "options": {
          "goals": [
            "process-test-classes",
          ],
        },
        "outputs": [],
        "parallelism": true,
      },
      "process-test-resources": {
        "configurations": {},
        "dependsOn": [
          "generate-test-resources",
        ],
        "executor": "@nx-quarkus/maven-plugin:maven-batch",
        "inputs": [],
        "metadata": {
          "description": "Run Maven process-test-resources lifecycle phase",
          "technologies": [
            "maven",
          ],
        },
        "options": {
          "goals": [
            "process-test-resources",
          ],
        },
        "outputs": [],
        "parallelism": true,
      },
      "process-test-sources": {
        "configurations": {},
        "dependsOn": [
          "generate-test-sources",
        ],
        "executor": "@nx-quarkus/maven-plugin:maven-batch",
        "inputs": [],
        "metadata": {
          "description": "Run Maven process-test-sources lifecycle phase",
          "technologies": [
            "maven",
          ],
        },
        "options": {
          "goals": [
            "process-test-sources",
          ],
        },
        "outputs": [],
        "parallelism": true,
      },
      "quarkus-extension:build": {
        "configurations": {},
        "dependsOn": [],
        "executor": "@nx-quarkus/maven-plugin:maven-batch",
        "inputs": [],
        "metadata": {
          "technologies": [
            "maven",
          ],
          "type": "Run quarkus-extension:build plugin goal",
        },
        "options": {
          "goals": [
            "quarkus-extension:build",
          ],
        },
        "outputs": [],
        "parallelism": true,
      },
      "quarkus-extension:dev": {
        "configurations": {},
        "dependsOn": [],
        "executor": "@nx-quarkus/maven-plugin:maven-batch",
        "inputs": [],
        "metadata": {
          "technologies": [
            "maven",
          ],
          "type": "Run quarkus-extension:dev plugin goal",
        },
        "options": {
          "goals": [
            "quarkus-extension:dev",
          ],
        },
        "outputs": [],
        "parallelism": true,
      },
      "quarkus-extension:extension-descriptor@generate-extension-descriptor": {
        "configurations": {},
        "dependsOn": [],
        "executor": "@nx-quarkus/maven-plugin:maven-batch",
        "inputs": [],
        "metadata": {
          "technologies": [
            "maven",
          ],
          "type": "Run quarkus-extension:extension-descriptor@generate-extension-descriptor plugin goal",
        },
        "options": {
          "goals": [
            "quarkus-extension:extension-descriptor",
          ],
        },
        "outputs": [],
        "parallelism": true,
      },
      "quarkus:build": {
        "configurations": {},
        "dependsOn": [],
        "executor": "@nx-quarkus/maven-plugin:maven-batch",
        "inputs": [],
        "metadata": {
          "technologies": [
            "maven",
          ],
          "type": "Run quarkus:build plugin goal",
        },
        "options": {
          "goals": [
            "quarkus:build",
          ],
        },
        "outputs": [],
        "parallelism": true,
      },
      "quarkus:dev": {
        "configurations": {},
        "dependsOn": [],
        "executor": "@nx-quarkus/maven-plugin:maven-batch",
        "inputs": [],
        "metadata": {
          "technologies": [
            "maven",
          ],
          "type": "Run quarkus:dev plugin goal",
        },
        "options": {
          "goals": [
            "quarkus:dev",
          ],
        },
        "outputs": [],
        "parallelism": true,
      },
      "site": {
        "configurations": {},
        "dependsOn": [
          "pre-site",
        ],
        "executor": "@nx-quarkus/maven-plugin:maven-batch",
        "inputs": [],
        "metadata": {
          "description": "Run Maven site lifecycle phase",
          "technologies": [
            "maven",
          ],
        },
        "options": {
          "goals": [
            "site",
          ],
        },
        "outputs": [],
        "parallelism": true,
      },
      "site-deploy": {
        "configurations": {},
        "dependsOn": [
          "post-site",
        ],
        "executor": "@nx-quarkus/maven-plugin:maven-batch",
        "inputs": [],
        "metadata": {
          "description": "Run Maven site-deploy lifecycle phase",
          "technologies": [
            "maven",
          ],
        },
        "options": {
          "goals": [
            "site-deploy",
          ],
        },
        "outputs": [],
        "parallelism": true,
      },
      "test": {
        "configurations": {},
        "dependsOn": [
          "process-test-classes",
        ],
        "executor": "@nx-quarkus/maven-plugin:maven-batch",
        "inputs": [],
        "metadata": {
          "description": "Run Maven test lifecycle phase",
          "technologies": [
            "maven",
          ],
        },
        "options": {
          "goals": [
            "test",
          ],
        },
        "outputs": [],
        "parallelism": true,
      },
      "test-compile": {
        "configurations": {},
        "dependsOn": [
          "process-test-resources",
        ],
        "executor": "@nx-quarkus/maven-plugin:maven-batch",
        "inputs": [],
        "metadata": {
          "description": "Run Maven test-compile lifecycle phase",
          "technologies": [
            "maven",
          ],
        },
        "options": {
          "goals": [
            "test-compile",
          ],
        },
        "outputs": [],
        "parallelism": true,
      },
      "validate": {
        "configurations": {},
        "dependsOn": [],
        "executor": "@nx-quarkus/maven-plugin:maven-batch",
        "inputs": [],
        "metadata": {
          "description": "Run Maven validate lifecycle phase",
          "technologies": [
            "maven",
          ],
        },
        "options": {
          "goals": [
            "validate",
          ],
        },
        "outputs": [],
        "parallelism": true,
      },
      "verify": {
        "configurations": {},
        "dependsOn": [
          "post-integration-test",
        ],
        "executor": "@nx-quarkus/maven-plugin:maven-batch",
        "inputs": [],
        "metadata": {
          "description": "Run Maven verify lifecycle phase",
          "technologies": [
            "maven",
          ],
        },
        "options": {
          "goals": [
            "verify",
          ],
        },
        "outputs": [],
        "parallelism": true,
      },
    },
  },
  "name": "io.quarkus:quarkus-core",
  "type": "app",
}
`;

exports[`Maven Plugin E2E Smoke Tests > Snapshot Testing > should snapshot quarkus-core project dependencies 1`] = `
[
  {
    "source": "io.quarkus:quarkus-core",
    "target": "io.quarkus:quarkus-ide-launcher",
    "type": "STATIC",
  },
  {
    "source": "io.quarkus:quarkus-core",
    "target": "io.quarkus:quarkus-development-mode-spi",
    "type": "STATIC",
  },
  {
    "source": "io.quarkus:quarkus-core",
    "target": "io.quarkus:quarkus-bootstrap-runner",
    "type": "STATIC",
  },
  {
    "source": "io.quarkus:quarkus-core",
    "target": "io.quarkus:quarkus-extension-processor",
    "type": "STATIC",
  },
  {
    "source": "io.quarkus:quarkus-core",
    "target": "io.quarkus:quarkus-bom",
    "type": "STATIC",
  },
]
`;
